ffmpeg version 9.0.1 Copyright (c) 2000-2026 the FFmpeg developers
  built with Apple clang version 21.0.0 (clang-2100.1.1.101)
  configuration: --prefix=/opt/homebrew/Cellar/ffmpeg/9.0.1 --enable-shared --enable-pthreads --enable-version3 --cc=clang --host-cflags= --host-ldflags= --enable-ffplay --enable-gpl --enable-libsvtav1 --enable-libopus --enable-libx264 --enable-libmp3lame --enable-libdav1d --enable-libvmaf --enable-libvpx --enable-libx265 --enable-openssl --enable-videotoolbox --enable-audiotoolbox --enable-neon
  libavutil      61.  1.101 / 61.  1.101
  libavcodec     63.  1.101 / 63.  1.101
  libavformat    63.  1.101 / 63.  1.101
  libavdevice    63.  1.101 / 63.  1.101
  libavfilter    12.  1.101 / 12.  1.101
  libswscale     10.  1.101 / 10.  1.101
  libswresample   7.  1.101 /  7.  1.101
Input #0, mov,mp4,m4a,3gp,3g2,mj2, from '/Users/jamie/Documents/Projects/active/mr-crabs/verification/visual/2026-08-31-capture-pilot/fix1/recording.mp4':
  Metadata:
    major_brand     : mp42
    minor_version   : 1
    compatible_brands: isommp41mp42
    creation_time   : 2026-08-31T06:48:38.000000Z
  Duration: 00:00:01.37, start: 0.000000, bitrate: 3885 kb/s
  Stream #0:0[0x1](und): Video: h264 (Main) (avc1 / 0x31637661), yuv420p(tv, bt709, progressive), 1080x1920, 3757 kb/s, 26.82 fps, 60 tbr, 600 tbn (default)
    Metadata:
      creation_time   : 2026-08-31T06:48:38.000000Z
      handler_name    : Core Media Video
Stream mapping:
  Stream #0:0 -> #0:0 (h264 (native) -> png (native))
Press [q] to stop, [?] for help
[swscaler @ 0x9f0680000] No accelerated colorspace conversion found from yuv420p to rgb24.
[swscaler @ 0x9f0680000] [swscaler @ 0x9f4bac000] No accelerated colorspace conversion found from yuv420p to rgb24.
[swscaler @ 0x9f0680000] [swscaler @ 0x9f4bbc000] No accelerated colorspace conversion found from yuv420p to rgb24.
[swscaler @ 0x9f0680000] [swscaler @ 0x9f4bcc000] No accelerated colorspace conversion found from yuv420p to rgb24.
[swscaler @ 0x9f0680000] [swscaler @ 0x9f4bdc000] No accelerated colorspace conversion found from yuv420p to rgb24.
[swscaler @ 0x9f0680000] [swscaler @ 0x9f0300000] No accelerated colorspace conversion found from yuv420p to rgb24.
[swscaler @ 0x9f0680000] [swscaler @ 0x9f0310000] No accelerated colorspace conversion found from yuv420p to rgb24.
[swscaler @ 0x9f0680000] [swscaler @ 0x9f0320000] No accelerated colorspace conversion found from yuv420p to rgb24.
[swscaler @ 0x9f0680000] [swscaler @ 0x9f0330000] No accelerated colorspace conversion found from yuv420p to rgb24.
[swscaler @ 0x9f0680000] [swscaler @ 0x9f0340000] No accelerated colorspace conversion found from yuv420p to rgb24.
[swscaler @ 0x9f0680000] [swscaler @ 0x9f0350000] No accelerated colorspace conversion found from yuv420p to rgb24.
[swscaler @ 0x9f0680000] [swscaler @ 0x9f0360000] No accelerated colorspace conversion found from yuv420p to rgb24.
[swscaler @ 0x9f0680000] [swscaler @ 0x9f0370000] No accelerated colorspace conversion found from yuv420p to rgb24.
[swscaler @ 0x9f0680000] [swscaler @ 0x9f0380000] No accelerated colorspace conversion found from yuv420p to rgb24.
Output #0, image2, to '/Users/jamie/Documents/Projects/active/mr-crabs/verification/visual/2026-08-31-capture-pilot/fix1/frames/frame_%04d.png':
  Metadata:
    major_brand     : mp42
    minor_version   : 1
    compatible_brands: isommp41mp42
    encoder         : Lavf63.1.101
  Stream #0:0(und): Video: png, rgb24(pc, gbr/bt709/bt709, progressive), 1080x1920, q=2-31, 200 kb/s, 30 fps, 30 tbn (default)
    Metadata:
      encoder         : Lavc63.1.101 png
      creation_time   : 2026-08-31T06:48:38.000000Z
      handler_name    : Core Media Video
frame=    0 fps=0.0 q=0.0 size=       0KiB time=N/A bitrate=N/A speed=N/A elapsed=0:00:00.50    frame=    7 fps=6.9 q=-0.0 size=N/A time=00:00:00.23 bitrate=N/A speed=0.231x elapsed=0:00:01.00    frame=   13 fps=8.6 q=-0.0 size=N/A time=00:00:00.43 bitrate=N/A speed=0.286x elapsed=0:00:01.51    frame=   24 fps= 12 q=-0.0 size=N/A time=00:00:00.80 bitrate=N/A speed=0.397x elapsed=0:00:02.01    frame=   26 fps= 10 q=-0.0 size=N/A time=00:00:00.86 bitrate=N/A speed=0.344x elapsed=0:00:02.51    frame=   37 fps= 12 q=-0.0 size=N/A time=00:00:01.23 bitrate=N/A speed=0.408x elapsed=0:00:03.02    [out#0/image2 @ 0x9f7804180] video:41923KiB audio:0KiB subtitle:0KiB other streams:0KiB global headers:0KiB muxing overhead: unknown
frame=   43 fps= 13 q=-0.0 Lsize=N/A time=00:00:01.43 bitrate=N/A speed=0.448x elapsed=0:00:03.19    
